Program exiting, there was a scanning error
TOKEN_STRING_LITERAL      The following string ain't right
There was a scan error on "
