Program exiting, there was a scanning error
TOKEN_ID                  hi
TOKEN_ID                  squidward
There was a scan error on @
