Program exiting, there was a scanning error
TOKEN_ID                  jokes
TOKEN_STRING_LITERAL      this backslash will error methinks
There was a scan error on \
