Program exiting, there was a scanning error
TOKEN_FLOAT_LITERAL       111.111
TOKEN_FLOAT_LITERAL       .111
TOKEN_FLOAT_LITERAL       .111
TOKEN_FLOAT_LITERAL       .111
TOKEN_FLOAT_LITERAL       .111
TOKEN_FLOAT_LITERAL       .111
TOKEN_FLOAT_LITERAL       .111
TOKEN_FLOAT_LITERAL       .111
TOKEN_FLOAT_LITERAL       .111
TOKEN_FLOAT_LITERAL       .111
There was a scan error on .
