Program exiting, there was a scanning error
TOKEN_STRING_LITERAL      Cash money ain't gonna process
There was a scan error on $
