Program exiting, there was a scanning error
There was a scan error on '
