Program exiting, there was a scanning error
TOKEN_STRING_LITERAL      Boolean logic isnt suppoerted
There was a scan error on &
