Program exiting, there was a scanning error
TOKEN_STRING_LITERAL      Boolean logic still isn't supported
There was a scan error on |
