Program exiting, there was a scanning error
TOKEN_STRING_LITERAL      This character isnt closed
TOKEN_ID                  a
There was a scan error on '
