Program exiting, there was a scanning error
TOKEN_STRING_LITERAL      this is a backtick it'll prolly fail
There was a scan error on `
