TOKEN_STRING_LITERAL      I passed strings to my encode stuff properly

TOKEN_STRING_LITERAL      	 that was a tab	 so was that

TOKEN_STRING_LITERAL      this is 6 this is also 6 but in hex 6

