TOKEN_PAREN_OPEN          (
TOKEN_PAREN_CLOSE         )
TOKEN_BRACK_OPEN          [
TOKEN_BRACK_CLOSE         ]
TOKEN_BRACE_OPEN          {
TOKEN_BRACE_CLOSE         }
