TOKEN_ID                  These
TOKEN_ID                  will
TOKEN_ID                  all
TOKEN_ID                  read
TOKEN_ID                  as
TOKEN_ID                  Identifiers
