TOKEN_INTEGER_LITERAL     234
TOKEN_INTEGER_LITERAL     +123
TOKEN_INTEGER_LITERAL     -1234
