TOKEN_STRING_LITERAL      there were some unread comments at the top
