TOKEN_PRINT               print
TOKEN_FUNCTION            function
TOKEN_RETURN              return
TOKEN_AUTO                auto
