TOKEN_STRING_LITERAL      The duck quail was a sentence said by the man next to me. ;lewkrjnkjnr.kriputlj, rsng;lgukbrheamgkr
