TOKEN_TRUE_LITERAL        true
TOKEN_FALSE_LITERAL       false
