TOKEN_FLOAT_LITERAL       .11
TOKEN_FLOAT_LITERAL       11.11
TOKEN_FLOAT_LITERAL       +11.11
TOKEN_FLOAT_LITERAL       -11.11
TOKEN_FLOAT_LITERAL       +.11
TOKEN_FLOAT_LITERAL       -.11
TOKEN_FLOAT_LITERAL       11.11e11
TOKEN_FLOAT_LITERAL       -11.11e+11
