TOKEN_LE                  <=
TOKEN_LT                  <
TOKEN_GE                  >=
TOKEN_GT                  >
TOKEN_EQ                  ==
TOKEN_NE                  !=
TOKEN_NOT                 !
TOKEN_ASSIGNMENT          =
TOKEN_LOG_OR              ||
TOKEN_LOG_AND             &&
