TOKEN_CHAR_LITERAL        a
TOKEN_CHAR_LITERAL        
TOKEN_CHAR_LITERAL        A
