invalid escape character: p, if you meant to just print \ type \\
decode("\p"): the string was unable to be decoded
