An " must be at the start or end of the string, if you meant to print one then please escape it: \"
decode("Hello" world\n): the string was unable to be decoded
