invalid escape character:  , if you meant to just print \ type \\
decode("This is a nonescaped backslash: \ see how it causes an error?"): the string was unable to be decoded
