
For the purpose of being able to see tabs, spaces, etc. printed I'm delimitng the start and end of the printed strings with ><

decoded string: > !"#$%&'()*+`-./0123456789:;<=>?@ABCDEFGHIJKLMNOPQRSTUVWXYZ[\]^_,abcdefghijklmnopqrstuvwxyz{|}~<
encoded string >" !\"#$%&\'()*+`-./0123456789:;<=>?@ABCDEFGHIJKLMNOPQRSTUVWXYZ[\\]^_,abcdefghijklmnopqrstuvwxyz{|}~"<
