
For the purpose of being able to see tabs, spaces, etc. printed I'm delimitng the start and end of the printed strings with ><

decoded string: >my netid is abattag2<
encoded string >"my netid is abattag2"<
