
For the purpose of being able to see tabs, spaces, etc. printed I'm delimitng the start and end of the printed strings with ><

decoded string: >1234567890<
encoded string >"1234567890"<
