
For the purpose of being able to see tabs, spaces, etc. printed I'm delimitng the start and end of the printed strings with ><

decoded string: >%
0x25
%
<
encoded string >"%\n0x25\n%\n"<
